Archive member included to satisfy reference by file (symbol)

c:/program files (x86)/gnu arm embedded toolchain/10 2021.10/bin/../lib/gcc/arm-none-eabi/10.3.1/../../../../arm-none-eabi/lib/thumb/v7e-m+fp/hard\libc_nano.a(lib_a-memcpy-stub.o)
                              C:\Users\gaura\AppData\Local\Temp\ccJ8O21D.o (memcpy)
c:/program files (x86)/gnu arm embedded toolchain/10 2021.10/bin/../lib/gcc/arm-none-eabi/10.3.1/../../../../arm-none-eabi/lib/thumb/v7e-m+fp/hard\libc_nano.a(lib_a-memset.o)
                              C:\Users\gaura\AppData\Local\Temp\ccJ8O21D.o (memset)

Discarded input sections

 .group         0x00000000        0xc C:\Users\gaura\AppData\Local\Temp\ccoetoR3.o
 .group         0x00000000        0xc C:\Users\gaura\AppData\Local\Temp\ccoetoR3.o
 .group         0x00000000        0xc C:\Users\gaura\AppData\Local\Temp\ccoetoR3.o
 .group         0x00000000        0xc C:\Users\gaura\AppData\Local\Temp\ccoetoR3.o
 .group         0x00000000        0xc C:\Users\gaura\AppData\Local\Temp\ccoetoR3.o
 .group         0x00000000        0xc C:\Users\gaura\AppData\Local\Temp\ccoetoR3.o
 .group         0x00000000        0xc C:\Users\gaura\AppData\Local\Temp\ccoetoR3.o
 .group         0x00000000        0xc C:\Users\gaura\AppData\Local\Temp\ccoetoR3.o
 .group         0x00000000        0xc C:\Users\gaura\AppData\Local\Temp\ccoetoR3.o
 .group         0x00000000        0xc C:\Users\gaura\AppData\Local\Temp\ccoetoR3.o
 .group         0x00000000        0xc C:\Users\gaura\AppData\Local\Temp\ccoetoR3.o
 .group         0x00000000        0xc C:\Users\gaura\AppData\Local\Temp\ccoetoR3.o
 .group         0x00000000        0xc C:\Users\gaura\AppData\Local\Temp\ccoetoR3.o
 .group         0x00000000        0xc C:\Users\gaura\AppData\Local\Temp\ccoetoR3.o
 .group         0x00000000        0xc C:\Users\gaura\AppData\Local\Temp\ccoetoR3.o
 .group         0x00000000        0xc C:\Users\gaura\AppData\Local\Temp\ccoetoR3.o
 .group         0x00000000        0xc C:\Users\gaura\AppData\Local\Temp\ccoetoR3.o
 .group         0x00000000        0xc C:\Users\gaura\AppData\Local\Temp\ccoetoR3.o
 .group         0x00000000        0xc C:\Users\gaura\AppData\Local\Temp\ccoetoR3.o
 .group         0x00000000        0xc C:\Users\gaura\AppData\Local\Temp\ccoetoR3.o
 .group         0x00000000        0xc C:\Users\gaura\AppData\Local\Temp\ccoetoR3.o
 .group         0x00000000        0xc C:\Users\gaura\AppData\Local\Temp\ccoetoR3.o
 .group         0x00000000        0xc C:\Users\gaura\AppData\Local\Temp\ccoetoR3.o
 .group         0x00000000        0xc C:\Users\gaura\AppData\Local\Temp\ccoetoR3.o
 .group         0x00000000        0xc C:\Users\gaura\AppData\Local\Temp\ccoetoR3.o
 .group         0x00000000        0xc C:\Users\gaura\AppData\Local\Temp\ccoetoR3.o
 .group         0x00000000        0xc C:\Users\gaura\AppData\Local\Temp\ccoetoR3.o
 .group         0x00000000        0xc C:\Users\gaura\AppData\Local\Temp\ccoetoR3.o
 .group         0x00000000        0xc C:\Users\gaura\AppData\Local\Temp\ccoetoR3.o
 .group         0x00000000        0xc C:\Users\gaura\AppData\Local\Temp\ccoetoR3.o
 .group         0x00000000        0xc C:\Users\gaura\AppData\Local\Temp\ccoetoR3.o
 .group         0x00000000        0xc C:\Users\gaura\AppData\Local\Temp\ccoetoR3.o
 .group         0x00000000        0xc C:\Users\gaura\AppData\Local\Temp\ccoetoR3.o
 .group         0x00000000        0xc C:\Users\gaura\AppData\Local\Temp\ccoetoR3.o
 .group         0x00000000        0xc C:\Users\gaura\AppData\Local\Temp\ccoetoR3.o
 .text          0x00000000        0x0 C:\Users\gaura\AppData\Local\Temp\ccoetoR3.o
 .data          0x00000000        0x0 C:\Users\gaura\AppData\Local\Temp\ccoetoR3.o
 .bss           0x00000000        0x0 C:\Users\gaura\AppData\Local\Temp\ccoetoR3.o
 .text.spi_read
                0x00000000        0xc C:\Users\gaura\AppData\Local\Temp\ccoetoR3.o
 .group         0x00000000        0xc C:\Users\gaura\AppData\Local\Temp\ccJ8O21D.o
 .text          0x00000000        0x0 C:\Users\gaura\AppData\Local\Temp\ccJ8O21D.o
 .data          0x00000000        0x0 C:\Users\gaura\AppData\Local\Temp\ccJ8O21D.o
 .bss           0x00000000        0x0 C:\Users\gaura\AppData\Local\Temp\ccJ8O21D.o
 .debug_macro   0x00000000      0xa6c C:\Users\gaura\AppData\Local\Temp\ccJ8O21D.o
 .text          0x00000000        0x0 c:/program files (x86)/gnu arm embedded toolchain/10 2021.10/bin/../lib/gcc/arm-none-eabi/10.3.1/../../../../arm-none-eabi/lib/thumb/v7e-m+fp/hard\libc_nano.a(lib_a-memcpy-stub.o)
 .data          0x00000000        0x0 c:/program files (x86)/gnu arm embedded toolchain/10 2021.10/bin/../lib/gcc/arm-none-eabi/10.3.1/../../../../arm-none-eabi/lib/thumb/v7e-m+fp/hard\libc_nano.a(lib_a-memcpy-stub.o)
 .bss           0x00000000        0x0 c:/program files (x86)/gnu arm embedded toolchain/10 2021.10/bin/../lib/gcc/arm-none-eabi/10.3.1/../../../../arm-none-eabi/lib/thumb/v7e-m+fp/hard\libc_nano.a(lib_a-memcpy-stub.o)
 .text          0x00000000        0x0 c:/program files (x86)/gnu arm embedded toolchain/10 2021.10/bin/../lib/gcc/arm-none-eabi/10.3.1/../../../../arm-none-eabi/lib/thumb/v7e-m+fp/hard\libc_nano.a(lib_a-memset.o)
 .data          0x00000000        0x0 c:/program files (x86)/gnu arm embedded toolchain/10 2021.10/bin/../lib/gcc/arm-none-eabi/10.3.1/../../../../arm-none-eabi/lib/thumb/v7e-m+fp/hard\libc_nano.a(lib_a-memset.o)
 .bss           0x00000000        0x0 c:/program files (x86)/gnu arm embedded toolchain/10 2021.10/bin/../lib/gcc/arm-none-eabi/10.3.1/../../../../arm-none-eabi/lib/thumb/v7e-m+fp/hard\libc_nano.a(lib_a-memset.o)

Memory Configuration

Name             Origin             Length             Attributes
flash            0x08000000         0x00080000         xr
sram             0x20000000         0x00020000         xrw
*default*        0x00000000         0xffffffff

Linker script and memory map

LOAD C:\Users\gaura\AppData\Local\Temp\ccoetoR3.o
LOAD C:\Users\gaura\AppData\Local\Temp\ccJ8O21D.o
LOAD c:/program files (x86)/gnu arm embedded toolchain/10 2021.10/bin/../lib/gcc/arm-none-eabi/10.3.1/../../../../arm-none-eabi/lib/thumb/v7e-m+fp/hard\libc_nano.a
LOAD c:/program files (x86)/gnu arm embedded toolchain/10 2021.10/bin/../lib/gcc/arm-none-eabi/10.3.1/thumb/v7e-m+fp/hard\libgcc.a
                0x20020000                _stack_pointer = (ORIGIN (sram) + LENGTH (sram))

.vectors        0x08000000      0x1c4
 *(.vectors)
 .vectors       0x08000000      0x1c4 C:\Users\gaura\AppData\Local\Temp\ccJ8O21D.o
                0x08000000                ivt

.text           0x080001c4      0x264
 *(.text*)
 .text.gpio_init
                0x080001c4       0xbc C:\Users\gaura\AppData\Local\Temp\ccoetoR3.o
                0x080001c4                gpio_init
 .text.spi_config
                0x08000280       0x70 C:\Users\gaura\AppData\Local\Temp\ccoetoR3.o
                0x08000280                spi_config
 .text.spi_tft_write_command
                0x080002f0       0x44 C:\Users\gaura\AppData\Local\Temp\ccoetoR3.o
                0x080002f0                spi_tft_write_command
 .text.spi_tft_write_data
                0x08000334       0x44 C:\Users\gaura\AppData\Local\Temp\ccoetoR3.o
                0x08000334                spi_tft_write_data
 .text.display_write_config
                0x08000378       0x24 C:\Users\gaura\AppData\Local\Temp\ccoetoR3.o
                0x08000378                display_write_config
 .text.startup.main
                0x0800039c       0x10 C:\Users\gaura\AppData\Local\Temp\ccoetoR3.o
                0x0800039c                main
 .text._reset   0x080003ac       0x50 C:\Users\gaura\AppData\Local\Temp\ccJ8O21D.o
                0x080003ac                _reset
 .text.memcpy   0x080003fc       0x1c c:/program files (x86)/gnu arm embedded toolchain/10 2021.10/bin/../lib/gcc/arm-none-eabi/10.3.1/../../../../arm-none-eabi/lib/thumb/v7e-m+fp/hard\libc_nano.a(lib_a-memcpy-stub.o)
                0x080003fc                memcpy
 .text.memset   0x08000418       0x10 c:/program files (x86)/gnu arm embedded toolchain/10 2021.10/bin/../lib/gcc/arm-none-eabi/10.3.1/../../../../arm-none-eabi/lib/thumb/v7e-m+fp/hard\libc_nano.a(lib_a-memset.o)
                0x08000418                memset

.glue_7         0x08000428        0x0
 .glue_7        0x08000428        0x0 linker stubs

.glue_7t        0x08000428        0x0
 .glue_7t       0x08000428        0x0 linker stubs

.vfp11_veneer   0x08000428        0x0
 .vfp11_veneer  0x08000428        0x0 linker stubs

.v4_bx          0x08000428        0x0
 .v4_bx         0x08000428        0x0 linker stubs

.iplt           0x08000428        0x0
 .iplt          0x08000428        0x0 C:\Users\gaura\AppData\Local\Temp\ccoetoR3.o

.rel.dyn        0x08000428        0x0
 .rel.iplt      0x08000428        0x0 C:\Users\gaura\AppData\Local\Temp\ccoetoR3.o

.rodata
 *(.rodata*)

.data           0x20000000        0x0 load address 0x08000428
                0x20000000                _sdata = .
 *(.data)
 *(.data*)
                0x20000000                _edata = .
                0x08000428                _sidata = LOADADDR (.data)

.igot.plt       0x20000000        0x0 load address 0x08000428
 .igot.plt      0x20000000        0x0 C:\Users\gaura\AppData\Local\Temp\ccoetoR3.o

.bss            0x20000000        0x0 load address 0x08000428
                0x20000000                _sbss = .
 *(.bss)
 *(COMMON)
                0x20000000                _ebss = .
                0x20000000                _end = .
OUTPUT(firmware.elf elf32-littlearm)
LOAD linker stubs

.debug_info     0x00000000      0x5d7
 .debug_info    0x00000000      0x4b9 C:\Users\gaura\AppData\Local\Temp\ccoetoR3.o
 .debug_info    0x000004b9      0x11e C:\Users\gaura\AppData\Local\Temp\ccJ8O21D.o

.debug_abbrev   0x00000000      0x243
 .debug_abbrev  0x00000000      0x168 C:\Users\gaura\AppData\Local\Temp\ccoetoR3.o
 .debug_abbrev  0x00000168       0xdb C:\Users\gaura\AppData\Local\Temp\ccJ8O21D.o

.debug_aranges  0x00000000       0x70
 .debug_aranges
                0x00000000       0x50 C:\Users\gaura\AppData\Local\Temp\ccoetoR3.o
 .debug_aranges
                0x00000050       0x20 C:\Users\gaura\AppData\Local\Temp\ccJ8O21D.o

.debug_ranges   0x00000000       0x50
 .debug_ranges  0x00000000       0x40 C:\Users\gaura\AppData\Local\Temp\ccoetoR3.o
 .debug_ranges  0x00000040       0x10 C:\Users\gaura\AppData\Local\Temp\ccJ8O21D.o

.debug_macro    0x00000000     0x1d1f
 .debug_macro   0x00000000      0x237 C:\Users\gaura\AppData\Local\Temp\ccoetoR3.o
 .debug_macro   0x00000237      0xa6c C:\Users\gaura\AppData\Local\Temp\ccoetoR3.o
 .debug_macro   0x00000ca3       0x22 C:\Users\gaura\AppData\Local\Temp\ccoetoR3.o
 .debug_macro   0x00000cc5       0x4c C:\Users\gaura\AppData\Local\Temp\ccoetoR3.o
 .debug_macro   0x00000d11       0x1e C:\Users\gaura\AppData\Local\Temp\ccoetoR3.o
 .debug_macro   0x00000d2f       0x94 C:\Users\gaura\AppData\Local\Temp\ccoetoR3.o
 .debug_macro   0x00000dc3       0x3c C:\Users\gaura\AppData\Local\Temp\ccoetoR3.o
 .debug_macro   0x00000dff       0x34 C:\Users\gaura\AppData\Local\Temp\ccoetoR3.o
 .debug_macro   0x00000e33       0x16 C:\Users\gaura\AppData\Local\Temp\ccoetoR3.o
 .debug_macro   0x00000e49       0x57 C:\Users\gaura\AppData\Local\Temp\ccoetoR3.o
 .debug_macro   0x00000ea0       0x97 C:\Users\gaura\AppData\Local\Temp\ccoetoR3.o
 .debug_macro   0x00000f37      0x341 C:\Users\gaura\AppData\Local\Temp\ccoetoR3.o
 .debug_macro   0x00001278       0xfd C:\Users\gaura\AppData\Local\Temp\ccoetoR3.o
 .debug_macro   0x00001375       0x10 C:\Users\gaura\AppData\Local\Temp\ccoetoR3.o
 .debug_macro   0x00001385       0x16 C:\Users\gaura\AppData\Local\Temp\ccoetoR3.o
 .debug_macro   0x0000139b       0x43 C:\Users\gaura\AppData\Local\Temp\ccoetoR3.o
 .debug_macro   0x000013de       0x34 C:\Users\gaura\AppData\Local\Temp\ccoetoR3.o
 .debug_macro   0x00001412       0x10 C:\Users\gaura\AppData\Local\Temp\ccoetoR3.o
 .debug_macro   0x00001422       0x58 C:\Users\gaura\AppData\Local\Temp\ccoetoR3.o
 .debug_macro   0x0000147a       0x71 C:\Users\gaura\AppData\Local\Temp\ccoetoR3.o
 .debug_macro   0x000014eb       0x1c C:\Users\gaura\AppData\Local\Temp\ccoetoR3.o
 .debug_macro   0x00001507      0x12a C:\Users\gaura\AppData\Local\Temp\ccoetoR3.o
 .debug_macro   0x00001631       0x10 C:\Users\gaura\AppData\Local\Temp\ccoetoR3.o
 .debug_macro   0x00001641       0x6a C:\Users\gaura\AppData\Local\Temp\ccoetoR3.o
 .debug_macro   0x000016ab       0x1c C:\Users\gaura\AppData\Local\Temp\ccoetoR3.o
 .debug_macro   0x000016c7       0x52 C:\Users\gaura\AppData\Local\Temp\ccoetoR3.o
 .debug_macro   0x00001719       0x22 C:\Users\gaura\AppData\Local\Temp\ccoetoR3.o
 .debug_macro   0x0000173b       0x10 C:\Users\gaura\AppData\Local\Temp\ccoetoR3.o
 .debug_macro   0x0000174b       0x52 C:\Users\gaura\AppData\Local\Temp\ccoetoR3.o
 .debug_macro   0x0000179d       0xd5 C:\Users\gaura\AppData\Local\Temp\ccoetoR3.o
 .debug_macro   0x00001872       0x1c C:\Users\gaura\AppData\Local\Temp\ccoetoR3.o
 .debug_macro   0x0000188e       0x3d C:\Users\gaura\AppData\Local\Temp\ccoetoR3.o
 .debug_macro   0x000018cb       0x16 C:\Users\gaura\AppData\Local\Temp\ccoetoR3.o
 .debug_macro   0x000018e1      0x145 C:\Users\gaura\AppData\Local\Temp\ccoetoR3.o
 .debug_macro   0x00001a26      0x103 C:\Users\gaura\AppData\Local\Temp\ccoetoR3.o
 .debug_macro   0x00001b29      0x1df C:\Users\gaura\AppData\Local\Temp\ccoetoR3.o
 .debug_macro   0x00001d08       0x17 C:\Users\gaura\AppData\Local\Temp\ccJ8O21D.o

.debug_line     0x00000000      0x69e
 .debug_line    0x00000000      0x62d C:\Users\gaura\AppData\Local\Temp\ccoetoR3.o
 .debug_line    0x0000062d       0x71 C:\Users\gaura\AppData\Local\Temp\ccJ8O21D.o

.debug_str      0x00000000     0x7ec5
 .debug_str     0x00000000     0x7e4e C:\Users\gaura\AppData\Local\Temp\ccoetoR3.o
                               0x8046 (size before relaxing)
 .debug_str     0x00007e4e       0x77 C:\Users\gaura\AppData\Local\Temp\ccJ8O21D.o
                               0x2d3b (size before relaxing)

.comment        0x00000000       0x49
 .comment       0x00000000       0x49 C:\Users\gaura\AppData\Local\Temp\ccoetoR3.o
                                 0x4a (size before relaxing)
 .comment       0x00000049       0x4a C:\Users\gaura\AppData\Local\Temp\ccJ8O21D.o

.ARM.attributes
                0x00000000       0x34
 .ARM.attributes
                0x00000000       0x34 C:\Users\gaura\AppData\Local\Temp\ccoetoR3.o
 .ARM.attributes
                0x00000034       0x34 C:\Users\gaura\AppData\Local\Temp\ccJ8O21D.o
 .ARM.attributes
                0x00000068       0x34 c:/program files (x86)/gnu arm embedded toolchain/10 2021.10/bin/../lib/gcc/arm-none-eabi/10.3.1/../../../../arm-none-eabi/lib/thumb/v7e-m+fp/hard\libc_nano.a(lib_a-memcpy-stub.o)
 .ARM.attributes
                0x0000009c       0x34 c:/program files (x86)/gnu arm embedded toolchain/10 2021.10/bin/../lib/gcc/arm-none-eabi/10.3.1/../../../../arm-none-eabi/lib/thumb/v7e-m+fp/hard\libc_nano.a(lib_a-memset.o)

.debug_frame    0x00000000      0x104
 .debug_frame   0x00000000       0x94 C:\Users\gaura\AppData\Local\Temp\ccoetoR3.o
 .debug_frame   0x00000094       0x28 C:\Users\gaura\AppData\Local\Temp\ccJ8O21D.o
 .debug_frame   0x000000bc       0x28 c:/program files (x86)/gnu arm embedded toolchain/10 2021.10/bin/../lib/gcc/arm-none-eabi/10.3.1/../../../../arm-none-eabi/lib/thumb/v7e-m+fp/hard\libc_nano.a(lib_a-memcpy-stub.o)
 .debug_frame   0x000000e4       0x20 c:/program files (x86)/gnu arm embedded toolchain/10 2021.10/bin/../lib/gcc/arm-none-eabi/10.3.1/../../../../arm-none-eabi/lib/thumb/v7e-m+fp/hard\libc_nano.a(lib_a-memset.o)
