Archive member included to satisfy reference by file (symbol)

c:/program files (x86)/gnu arm embedded toolchain/10 2021.10/bin/../lib/gcc/arm-none-eabi/10.3.1/../../../../arm-none-eabi/lib/thumb/v7e-m+fp/hard\libc_nano.a(lib_a-memcpy-stub.o)
                              C:\Users\gaura\AppData\Local\Temp\ccepYzMJ.o (memcpy)
c:/program files (x86)/gnu arm embedded toolchain/10 2021.10/bin/../lib/gcc/arm-none-eabi/10.3.1/../../../../arm-none-eabi/lib/thumb/v7e-m+fp/hard\libc_nano.a(lib_a-memset.o)
                              C:\Users\gaura\AppData\Local\Temp\ccepYzMJ.o (memset)

Discarded input sections

 .group         0x00000000        0xc C:\Users\gaura\AppData\Local\Temp\ccMjgh7J.o
 .group         0x00000000        0xc C:\Users\gaura\AppData\Local\Temp\ccMjgh7J.o
 .group         0x00000000        0xc C:\Users\gaura\AppData\Local\Temp\ccMjgh7J.o
 .group         0x00000000        0xc C:\Users\gaura\AppData\Local\Temp\ccMjgh7J.o
 .group         0x00000000        0xc C:\Users\gaura\AppData\Local\Temp\ccMjgh7J.o
 .group         0x00000000        0xc C:\Users\gaura\AppData\Local\Temp\ccMjgh7J.o
 .group         0x00000000        0xc C:\Users\gaura\AppData\Local\Temp\ccMjgh7J.o
 .group         0x00000000        0xc C:\Users\gaura\AppData\Local\Temp\ccMjgh7J.o
 .group         0x00000000        0xc C:\Users\gaura\AppData\Local\Temp\ccMjgh7J.o
 .group         0x00000000        0xc C:\Users\gaura\AppData\Local\Temp\ccMjgh7J.o
 .group         0x00000000        0xc C:\Users\gaura\AppData\Local\Temp\ccMjgh7J.o
 .group         0x00000000        0xc C:\Users\gaura\AppData\Local\Temp\ccMjgh7J.o
 .group         0x00000000        0xc C:\Users\gaura\AppData\Local\Temp\ccMjgh7J.o
 .group         0x00000000        0xc C:\Users\gaura\AppData\Local\Temp\ccMjgh7J.o
 .group         0x00000000        0xc C:\Users\gaura\AppData\Local\Temp\ccMjgh7J.o
 .group         0x00000000        0xc C:\Users\gaura\AppData\Local\Temp\ccMjgh7J.o
 .group         0x00000000        0xc C:\Users\gaura\AppData\Local\Temp\ccMjgh7J.o
 .group         0x00000000        0xc C:\Users\gaura\AppData\Local\Temp\ccMjgh7J.o
 .group         0x00000000        0xc C:\Users\gaura\AppData\Local\Temp\ccMjgh7J.o
 .group         0x00000000        0xc C:\Users\gaura\AppData\Local\Temp\ccMjgh7J.o
 .group         0x00000000        0xc C:\Users\gaura\AppData\Local\Temp\ccMjgh7J.o
 .group         0x00000000        0xc C:\Users\gaura\AppData\Local\Temp\ccMjgh7J.o
 .group         0x00000000        0xc C:\Users\gaura\AppData\Local\Temp\ccMjgh7J.o
 .group         0x00000000        0xc C:\Users\gaura\AppData\Local\Temp\ccMjgh7J.o
 .group         0x00000000        0xc C:\Users\gaura\AppData\Local\Temp\ccMjgh7J.o
 .group         0x00000000        0xc C:\Users\gaura\AppData\Local\Temp\ccMjgh7J.o
 .group         0x00000000        0xc C:\Users\gaura\AppData\Local\Temp\ccMjgh7J.o
 .group         0x00000000        0xc C:\Users\gaura\AppData\Local\Temp\ccMjgh7J.o
 .group         0x00000000        0xc C:\Users\gaura\AppData\Local\Temp\ccMjgh7J.o
 .group         0x00000000        0xc C:\Users\gaura\AppData\Local\Temp\ccMjgh7J.o
 .group         0x00000000        0xc C:\Users\gaura\AppData\Local\Temp\ccMjgh7J.o
 .group         0x00000000        0xc C:\Users\gaura\AppData\Local\Temp\ccMjgh7J.o
 .group         0x00000000        0xc C:\Users\gaura\AppData\Local\Temp\ccMjgh7J.o
 .group         0x00000000        0xc C:\Users\gaura\AppData\Local\Temp\ccMjgh7J.o
 .group         0x00000000        0xc C:\Users\gaura\AppData\Local\Temp\ccMjgh7J.o
 .group         0x00000000        0xc C:\Users\gaura\AppData\Local\Temp\ccMjgh7J.o
 .text          0x00000000        0x0 C:\Users\gaura\AppData\Local\Temp\ccMjgh7J.o
 .data          0x00000000        0x0 C:\Users\gaura\AppData\Local\Temp\ccMjgh7J.o
 .bss           0x00000000        0x0 C:\Users\gaura\AppData\Local\Temp\ccMjgh7J.o
 .text.draw_square
                0x00000000       0x48 C:\Users\gaura\AppData\Local\Temp\ccMjgh7J.o
 .group         0x00000000        0xc C:\Users\gaura\AppData\Local\Temp\ccepYzMJ.o
 .text          0x00000000        0x0 C:\Users\gaura\AppData\Local\Temp\ccepYzMJ.o
 .data          0x00000000        0x0 C:\Users\gaura\AppData\Local\Temp\ccepYzMJ.o
 .bss           0x00000000        0x0 C:\Users\gaura\AppData\Local\Temp\ccepYzMJ.o
 .debug_macro   0x00000000      0xa6c C:\Users\gaura\AppData\Local\Temp\ccepYzMJ.o
 .text          0x00000000        0x0 c:/program files (x86)/gnu arm embedded toolchain/10 2021.10/bin/../lib/gcc/arm-none-eabi/10.3.1/../../../../arm-none-eabi/lib/thumb/v7e-m+fp/hard\libc_nano.a(lib_a-memcpy-stub.o)
 .data          0x00000000        0x0 c:/program files (x86)/gnu arm embedded toolchain/10 2021.10/bin/../lib/gcc/arm-none-eabi/10.3.1/../../../../arm-none-eabi/lib/thumb/v7e-m+fp/hard\libc_nano.a(lib_a-memcpy-stub.o)
 .bss           0x00000000        0x0 c:/program files (x86)/gnu arm embedded toolchain/10 2021.10/bin/../lib/gcc/arm-none-eabi/10.3.1/../../../../arm-none-eabi/lib/thumb/v7e-m+fp/hard\libc_nano.a(lib_a-memcpy-stub.o)
 .text          0x00000000        0x0 c:/program files (x86)/gnu arm embedded toolchain/10 2021.10/bin/../lib/gcc/arm-none-eabi/10.3.1/../../../../arm-none-eabi/lib/thumb/v7e-m+fp/hard\libc_nano.a(lib_a-memset.o)
 .data          0x00000000        0x0 c:/program files (x86)/gnu arm embedded toolchain/10 2021.10/bin/../lib/gcc/arm-none-eabi/10.3.1/../../../../arm-none-eabi/lib/thumb/v7e-m+fp/hard\libc_nano.a(lib_a-memset.o)
 .bss           0x00000000        0x0 c:/program files (x86)/gnu arm embedded toolchain/10 2021.10/bin/../lib/gcc/arm-none-eabi/10.3.1/../../../../arm-none-eabi/lib/thumb/v7e-m+fp/hard\libc_nano.a(lib_a-memset.o)

Memory Configuration

Name             Origin             Length             Attributes
flash            0x08000000         0x00080000         xr
sram             0x20000000         0x00020000         xrw
*default*        0x00000000         0xffffffff

Linker script and memory map

LOAD C:\Users\gaura\AppData\Local\Temp\ccMjgh7J.o
LOAD C:\Users\gaura\AppData\Local\Temp\ccepYzMJ.o
LOAD c:/program files (x86)/gnu arm embedded toolchain/10 2021.10/bin/../lib/gcc/arm-none-eabi/10.3.1/../../../../arm-none-eabi/lib/thumb/v7e-m+fp/hard\libc_nano.a
LOAD c:/program files (x86)/gnu arm embedded toolchain/10 2021.10/bin/../lib/gcc/arm-none-eabi/10.3.1/thumb/v7e-m+fp/hard\libgcc.a
                0x20020000                _stack_pointer = (ORIGIN (sram) + LENGTH (sram))

.vectors        0x08000000      0x1c4
 *(.vectors)
 .vectors       0x08000000      0x1c4 C:\Users\gaura\AppData\Local\Temp\ccepYzMJ.o
                0x08000000                ivt

.text           0x080001c4      0x3b8
 *(.text*)
 .text.gpio_init
                0x080001c4       0xbc C:\Users\gaura\AppData\Local\Temp\ccMjgh7J.o
                0x080001c4                gpio_init
 .text.spi_config
                0x08000280       0x70 C:\Users\gaura\AppData\Local\Temp\ccMjgh7J.o
                0x08000280                spi_config
 .text.delay_us
                0x080002f0       0x1e C:\Users\gaura\AppData\Local\Temp\ccMjgh7J.o
                0x080002f0                delay_us
 *fill*         0x0800030e        0x2 
 .text.spi_busy
                0x08000310       0x10 C:\Users\gaura\AppData\Local\Temp\ccMjgh7J.o
                0x08000310                spi_busy
 .text.spi_tft_write_command
                0x08000320       0x20 C:\Users\gaura\AppData\Local\Temp\ccMjgh7J.o
                0x08000320                spi_tft_write_command
 .text.spi_tft_write_data
                0x08000340       0x20 C:\Users\gaura\AppData\Local\Temp\ccMjgh7J.o
                0x08000340                spi_tft_write_data
 .text.tft_hw_reset
                0x08000360       0x38 C:\Users\gaura\AppData\Local\Temp\ccMjgh7J.o
                0x08000360                tft_hw_reset
 .text.ili9488_init
                0x08000398       0x50 C:\Users\gaura\AppData\Local\Temp\ccMjgh7J.o
                0x08000398                ili9488_init
 .text.set_window_frame
                0x080003e8       0x48 C:\Users\gaura\AppData\Local\Temp\ccMjgh7J.o
                0x080003e8                set_window_frame
 .text.fill_screen
                0x08000430       0x3e C:\Users\gaura\AppData\Local\Temp\ccMjgh7J.o
                0x08000430                fill_screen
 .text.draw_rectangle
                0x0800046e       0x46 C:\Users\gaura\AppData\Local\Temp\ccMjgh7J.o
                0x0800046e                draw_rectangle
 .text.startup.main
                0x080004b4       0x4c C:\Users\gaura\AppData\Local\Temp\ccMjgh7J.o
                0x080004b4                main
 .text._reset   0x08000500       0x50 C:\Users\gaura\AppData\Local\Temp\ccepYzMJ.o
                0x08000500                _reset
 .text.memcpy   0x08000550       0x1c c:/program files (x86)/gnu arm embedded toolchain/10 2021.10/bin/../lib/gcc/arm-none-eabi/10.3.1/../../../../arm-none-eabi/lib/thumb/v7e-m+fp/hard\libc_nano.a(lib_a-memcpy-stub.o)
                0x08000550                memcpy
 .text.memset   0x0800056c       0x10 c:/program files (x86)/gnu arm embedded toolchain/10 2021.10/bin/../lib/gcc/arm-none-eabi/10.3.1/../../../../arm-none-eabi/lib/thumb/v7e-m+fp/hard\libc_nano.a(lib_a-memset.o)
                0x0800056c                memset

.glue_7         0x0800057c        0x0
 .glue_7        0x0800057c        0x0 linker stubs

.glue_7t        0x0800057c        0x0
 .glue_7t       0x0800057c        0x0 linker stubs

.vfp11_veneer   0x0800057c        0x0
 .vfp11_veneer  0x0800057c        0x0 linker stubs

.v4_bx          0x0800057c        0x0
 .v4_bx         0x0800057c        0x0 linker stubs

.iplt           0x0800057c        0x0
 .iplt          0x0800057c        0x0 C:\Users\gaura\AppData\Local\Temp\ccMjgh7J.o

.rel.dyn        0x0800057c        0x0
 .rel.iplt      0x0800057c        0x0 C:\Users\gaura\AppData\Local\Temp\ccMjgh7J.o

.rodata
 *(.rodata*)

.data           0x20000000        0x0 load address 0x0800057c
                0x20000000                _sdata = .
 *(.data)
 *(.data*)
                0x20000000                _edata = .
                0x0800057c                _sidata = LOADADDR (.data)

.igot.plt       0x20000000        0x0 load address 0x0800057c
 .igot.plt      0x20000000        0x0 C:\Users\gaura\AppData\Local\Temp\ccMjgh7J.o

.bss            0x20000000        0x0 load address 0x0800057c
                0x20000000                _sbss = .
 *(.bss)
 *(COMMON)
                0x20000000                _ebss = .
                0x20000000                _end = .
OUTPUT(firmware.elf elf32-littlearm)
LOAD linker stubs

.debug_info     0x00000000      0xb22
 .debug_info    0x00000000      0xa04 C:\Users\gaura\AppData\Local\Temp\ccMjgh7J.o
 .debug_info    0x00000a04      0x11e C:\Users\gaura\AppData\Local\Temp\ccepYzMJ.o

.debug_abbrev   0x00000000      0x2d1
 .debug_abbrev  0x00000000      0x1f6 C:\Users\gaura\AppData\Local\Temp\ccMjgh7J.o
 .debug_abbrev  0x000001f6       0xdb C:\Users\gaura\AppData\Local\Temp\ccepYzMJ.o

.debug_loc      0x00000000      0x2dc
 .debug_loc     0x00000000      0x2dc C:\Users\gaura\AppData\Local\Temp\ccMjgh7J.o

.debug_aranges  0x00000000       0xa0
 .debug_aranges
                0x00000000       0x80 C:\Users\gaura\AppData\Local\Temp\ccMjgh7J.o
 .debug_aranges
                0x00000080       0x20 C:\Users\gaura\AppData\Local\Temp\ccepYzMJ.o

.debug_ranges   0x00000000       0xf0
 .debug_ranges  0x00000000       0xe0 C:\Users\gaura\AppData\Local\Temp\ccMjgh7J.o
 .debug_ranges  0x000000e0       0x10 C:\Users\gaura\AppData\Local\Temp\ccepYzMJ.o

.debug_macro    0x00000000     0x1d50
 .debug_macro   0x00000000      0x1ce C:\Users\gaura\AppData\Local\Temp\ccMjgh7J.o
 .debug_macro   0x000001ce      0xa6c C:\Users\gaura\AppData\Local\Temp\ccMjgh7J.o
 .debug_macro   0x00000c3a       0x22 C:\Users\gaura\AppData\Local\Temp\ccMjgh7J.o
 .debug_macro   0x00000c5c       0x4c C:\Users\gaura\AppData\Local\Temp\ccMjgh7J.o
 .debug_macro   0x00000ca8       0x1e C:\Users\gaura\AppData\Local\Temp\ccMjgh7J.o
 .debug_macro   0x00000cc6       0x94 C:\Users\gaura\AppData\Local\Temp\ccMjgh7J.o
 .debug_macro   0x00000d5a       0x3c C:\Users\gaura\AppData\Local\Temp\ccMjgh7J.o
 .debug_macro   0x00000d96       0x34 C:\Users\gaura\AppData\Local\Temp\ccMjgh7J.o
 .debug_macro   0x00000dca       0x16 C:\Users\gaura\AppData\Local\Temp\ccMjgh7J.o
 .debug_macro   0x00000de0       0x57 C:\Users\gaura\AppData\Local\Temp\ccMjgh7J.o
 .debug_macro   0x00000e37       0x97 C:\Users\gaura\AppData\Local\Temp\ccMjgh7J.o
 .debug_macro   0x00000ece      0x341 C:\Users\gaura\AppData\Local\Temp\ccMjgh7J.o
 .debug_macro   0x0000120f       0xfd C:\Users\gaura\AppData\Local\Temp\ccMjgh7J.o
 .debug_macro   0x0000130c       0x10 C:\Users\gaura\AppData\Local\Temp\ccMjgh7J.o
 .debug_macro   0x0000131c       0x16 C:\Users\gaura\AppData\Local\Temp\ccMjgh7J.o
 .debug_macro   0x00001332       0x43 C:\Users\gaura\AppData\Local\Temp\ccMjgh7J.o
 .debug_macro   0x00001375       0x34 C:\Users\gaura\AppData\Local\Temp\ccMjgh7J.o
 .debug_macro   0x000013a9       0x10 C:\Users\gaura\AppData\Local\Temp\ccMjgh7J.o
 .debug_macro   0x000013b9       0x58 C:\Users\gaura\AppData\Local\Temp\ccMjgh7J.o
 .debug_macro   0x00001411       0x71 C:\Users\gaura\AppData\Local\Temp\ccMjgh7J.o
 .debug_macro   0x00001482       0x1c C:\Users\gaura\AppData\Local\Temp\ccMjgh7J.o
 .debug_macro   0x0000149e      0x12a C:\Users\gaura\AppData\Local\Temp\ccMjgh7J.o
 .debug_macro   0x000015c8       0x10 C:\Users\gaura\AppData\Local\Temp\ccMjgh7J.o
 .debug_macro   0x000015d8       0x6a C:\Users\gaura\AppData\Local\Temp\ccMjgh7J.o
 .debug_macro   0x00001642       0x1c C:\Users\gaura\AppData\Local\Temp\ccMjgh7J.o
 .debug_macro   0x0000165e       0x52 C:\Users\gaura\AppData\Local\Temp\ccMjgh7J.o
 .debug_macro   0x000016b0       0x22 C:\Users\gaura\AppData\Local\Temp\ccMjgh7J.o
 .debug_macro   0x000016d2       0x10 C:\Users\gaura\AppData\Local\Temp\ccMjgh7J.o
 .debug_macro   0x000016e2       0x52 C:\Users\gaura\AppData\Local\Temp\ccMjgh7J.o
 .debug_macro   0x00001734       0xd5 C:\Users\gaura\AppData\Local\Temp\ccMjgh7J.o
 .debug_macro   0x00001809       0x1c C:\Users\gaura\AppData\Local\Temp\ccMjgh7J.o
 .debug_macro   0x00001825       0x3d C:\Users\gaura\AppData\Local\Temp\ccMjgh7J.o
 .debug_macro   0x00001862       0x16 C:\Users\gaura\AppData\Local\Temp\ccMjgh7J.o
 .debug_macro   0x00001878      0x145 C:\Users\gaura\AppData\Local\Temp\ccMjgh7J.o
 .debug_macro   0x000019bd      0x103 C:\Users\gaura\AppData\Local\Temp\ccMjgh7J.o
 .debug_macro   0x00001ac0      0x1df C:\Users\gaura\AppData\Local\Temp\ccMjgh7J.o
 .debug_macro   0x00001c9f       0x9a C:\Users\gaura\AppData\Local\Temp\ccMjgh7J.o
 .debug_macro   0x00001d39       0x17 C:\Users\gaura\AppData\Local\Temp\ccepYzMJ.o

.debug_line     0x00000000      0x8fd
 .debug_line    0x00000000      0x88c C:\Users\gaura\AppData\Local\Temp\ccMjgh7J.o
 .debug_line    0x0000088c       0x71 C:\Users\gaura\AppData\Local\Temp\ccepYzMJ.o

.debug_str      0x00000000     0x801f
 .debug_str     0x00000000     0x7faf C:\Users\gaura\AppData\Local\Temp\ccMjgh7J.o
                               0x81b6 (size before relaxing)
 .debug_str     0x00007faf       0x70 C:\Users\gaura\AppData\Local\Temp\ccepYzMJ.o
                               0x2d3b (size before relaxing)

.comment        0x00000000       0x49
 .comment       0x00000000       0x49 C:\Users\gaura\AppData\Local\Temp\ccMjgh7J.o
                                 0x4a (size before relaxing)
 .comment       0x00000049       0x4a C:\Users\gaura\AppData\Local\Temp\ccepYzMJ.o

.ARM.attributes
                0x00000000       0x34
 .ARM.attributes
                0x00000000       0x34 C:\Users\gaura\AppData\Local\Temp\ccMjgh7J.o
 .ARM.attributes
                0x00000034       0x34 C:\Users\gaura\AppData\Local\Temp\ccepYzMJ.o
 .ARM.attributes
                0x00000068       0x34 c:/program files (x86)/gnu arm embedded toolchain/10 2021.10/bin/../lib/gcc/arm-none-eabi/10.3.1/../../../../arm-none-eabi/lib/thumb/v7e-m+fp/hard\libc_nano.a(lib_a-memcpy-stub.o)
 .ARM.attributes
                0x0000009c       0x34 c:/program files (x86)/gnu arm embedded toolchain/10 2021.10/bin/../lib/gcc/arm-none-eabi/10.3.1/../../../../arm-none-eabi/lib/thumb/v7e-m+fp/hard\libc_nano.a(lib_a-memset.o)

.debug_frame    0x00000000      0x1b4
 .debug_frame   0x00000000      0x144 C:\Users\gaura\AppData\Local\Temp\ccMjgh7J.o
 .debug_frame   0x00000144       0x28 C:\Users\gaura\AppData\Local\Temp\ccepYzMJ.o
 .debug_frame   0x0000016c       0x28 c:/program files (x86)/gnu arm embedded toolchain/10 2021.10/bin/../lib/gcc/arm-none-eabi/10.3.1/../../../../arm-none-eabi/lib/thumb/v7e-m+fp/hard\libc_nano.a(lib_a-memcpy-stub.o)
 .debug_frame   0x00000194       0x20 c:/program files (x86)/gnu arm embedded toolchain/10 2021.10/bin/../lib/gcc/arm-none-eabi/10.3.1/../../../../arm-none-eabi/lib/thumb/v7e-m+fp/hard\libc_nano.a(lib_a-memset.o)
