Archive member included to satisfy reference by file (symbol)

c:/program files (x86)/gnu arm embedded toolchain/10 2021.10/bin/../lib/gcc/arm-none-eabi/10.3.1/../../../../arm-none-eabi/lib/thumb/v7e-m+fp/hard\libc_nano.a(lib_a-memcpy-stub.o)
                              C:\Users\gaura\AppData\Local\Temp\ccOvmMqY.o (memcpy)
c:/program files (x86)/gnu arm embedded toolchain/10 2021.10/bin/../lib/gcc/arm-none-eabi/10.3.1/../../../../arm-none-eabi/lib/thumb/v7e-m+fp/hard\libc_nano.a(lib_a-memset.o)
                              C:\Users\gaura\AppData\Local\Temp\ccOvmMqY.o (memset)

Discarded input sections

 .group         0x00000000        0xc C:\Users\gaura\AppData\Local\Temp\cceigF8U.o
 .group         0x00000000        0xc C:\Users\gaura\AppData\Local\Temp\cceigF8U.o
 .group         0x00000000        0xc C:\Users\gaura\AppData\Local\Temp\cceigF8U.o
 .group         0x00000000        0xc C:\Users\gaura\AppData\Local\Temp\cceigF8U.o
 .group         0x00000000        0xc C:\Users\gaura\AppData\Local\Temp\cceigF8U.o
 .group         0x00000000        0xc C:\Users\gaura\AppData\Local\Temp\cceigF8U.o
 .group         0x00000000        0xc C:\Users\gaura\AppData\Local\Temp\cceigF8U.o
 .group         0x00000000        0xc C:\Users\gaura\AppData\Local\Temp\cceigF8U.o
 .group         0x00000000        0xc C:\Users\gaura\AppData\Local\Temp\cceigF8U.o
 .group         0x00000000        0xc C:\Users\gaura\AppData\Local\Temp\cceigF8U.o
 .group         0x00000000        0xc C:\Users\gaura\AppData\Local\Temp\cceigF8U.o
 .group         0x00000000        0xc C:\Users\gaura\AppData\Local\Temp\cceigF8U.o
 .group         0x00000000        0xc C:\Users\gaura\AppData\Local\Temp\cceigF8U.o
 .group         0x00000000        0xc C:\Users\gaura\AppData\Local\Temp\cceigF8U.o
 .group         0x00000000        0xc C:\Users\gaura\AppData\Local\Temp\cceigF8U.o
 .group         0x00000000        0xc C:\Users\gaura\AppData\Local\Temp\cceigF8U.o
 .group         0x00000000        0xc C:\Users\gaura\AppData\Local\Temp\cceigF8U.o
 .group         0x00000000        0xc C:\Users\gaura\AppData\Local\Temp\cceigF8U.o
 .group         0x00000000        0xc C:\Users\gaura\AppData\Local\Temp\cceigF8U.o
 .group         0x00000000        0xc C:\Users\gaura\AppData\Local\Temp\cceigF8U.o
 .group         0x00000000        0xc C:\Users\gaura\AppData\Local\Temp\cceigF8U.o
 .group         0x00000000        0xc C:\Users\gaura\AppData\Local\Temp\cceigF8U.o
 .group         0x00000000        0xc C:\Users\gaura\AppData\Local\Temp\cceigF8U.o
 .group         0x00000000        0xc C:\Users\gaura\AppData\Local\Temp\cceigF8U.o
 .group         0x00000000        0xc C:\Users\gaura\AppData\Local\Temp\cceigF8U.o
 .group         0x00000000        0xc C:\Users\gaura\AppData\Local\Temp\cceigF8U.o
 .group         0x00000000        0xc C:\Users\gaura\AppData\Local\Temp\cceigF8U.o
 .group         0x00000000        0xc C:\Users\gaura\AppData\Local\Temp\cceigF8U.o
 .group         0x00000000        0xc C:\Users\gaura\AppData\Local\Temp\cceigF8U.o
 .group         0x00000000        0xc C:\Users\gaura\AppData\Local\Temp\cceigF8U.o
 .group         0x00000000        0xc C:\Users\gaura\AppData\Local\Temp\cceigF8U.o
 .group         0x00000000        0xc C:\Users\gaura\AppData\Local\Temp\cceigF8U.o
 .group         0x00000000        0xc C:\Users\gaura\AppData\Local\Temp\cceigF8U.o
 .group         0x00000000        0xc C:\Users\gaura\AppData\Local\Temp\cceigF8U.o
 .group         0x00000000        0xc C:\Users\gaura\AppData\Local\Temp\cceigF8U.o
 .text          0x00000000        0x0 C:\Users\gaura\AppData\Local\Temp\cceigF8U.o
 .data          0x00000000        0x0 C:\Users\gaura\AppData\Local\Temp\cceigF8U.o
 .bss           0x00000000        0x0 C:\Users\gaura\AppData\Local\Temp\cceigF8U.o
 .text.spi_read
                0x00000000        0xc C:\Users\gaura\AppData\Local\Temp\cceigF8U.o
 .group         0x00000000        0xc C:\Users\gaura\AppData\Local\Temp\ccOvmMqY.o
 .text          0x00000000        0x0 C:\Users\gaura\AppData\Local\Temp\ccOvmMqY.o
 .data          0x00000000        0x0 C:\Users\gaura\AppData\Local\Temp\ccOvmMqY.o
 .bss           0x00000000        0x0 C:\Users\gaura\AppData\Local\Temp\ccOvmMqY.o
 .debug_macro   0x00000000      0xa6c C:\Users\gaura\AppData\Local\Temp\ccOvmMqY.o
 .text          0x00000000        0x0 c:/program files (x86)/gnu arm embedded toolchain/10 2021.10/bin/../lib/gcc/arm-none-eabi/10.3.1/../../../../arm-none-eabi/lib/thumb/v7e-m+fp/hard\libc_nano.a(lib_a-memcpy-stub.o)
 .data          0x00000000        0x0 c:/program files (x86)/gnu arm embedded toolchain/10 2021.10/bin/../lib/gcc/arm-none-eabi/10.3.1/../../../../arm-none-eabi/lib/thumb/v7e-m+fp/hard\libc_nano.a(lib_a-memcpy-stub.o)
 .bss           0x00000000        0x0 c:/program files (x86)/gnu arm embedded toolchain/10 2021.10/bin/../lib/gcc/arm-none-eabi/10.3.1/../../../../arm-none-eabi/lib/thumb/v7e-m+fp/hard\libc_nano.a(lib_a-memcpy-stub.o)
 .text          0x00000000        0x0 c:/program files (x86)/gnu arm embedded toolchain/10 2021.10/bin/../lib/gcc/arm-none-eabi/10.3.1/../../../../arm-none-eabi/lib/thumb/v7e-m+fp/hard\libc_nano.a(lib_a-memset.o)
 .data          0x00000000        0x0 c:/program files (x86)/gnu arm embedded toolchain/10 2021.10/bin/../lib/gcc/arm-none-eabi/10.3.1/../../../../arm-none-eabi/lib/thumb/v7e-m+fp/hard\libc_nano.a(lib_a-memset.o)
 .bss           0x00000000        0x0 c:/program files (x86)/gnu arm embedded toolchain/10 2021.10/bin/../lib/gcc/arm-none-eabi/10.3.1/../../../../arm-none-eabi/lib/thumb/v7e-m+fp/hard\libc_nano.a(lib_a-memset.o)

Memory Configuration

Name             Origin             Length             Attributes
flash            0x08000000         0x00080000         xr
sram             0x20000000         0x00020000         xrw
*default*        0x00000000         0xffffffff

Linker script and memory map

LOAD C:\Users\gaura\AppData\Local\Temp\cceigF8U.o
LOAD C:\Users\gaura\AppData\Local\Temp\ccOvmMqY.o
LOAD c:/program files (x86)/gnu arm embedded toolchain/10 2021.10/bin/../lib/gcc/arm-none-eabi/10.3.1/../../../../arm-none-eabi/lib/thumb/v7e-m+fp/hard\libc_nano.a
LOAD c:/program files (x86)/gnu arm embedded toolchain/10 2021.10/bin/../lib/gcc/arm-none-eabi/10.3.1/thumb/v7e-m+fp/hard\libgcc.a
                0x20020000                _stack_pointer = (ORIGIN (sram) + LENGTH (sram))

.vectors        0x08000000      0x1c4
 *(.vectors)
 .vectors       0x08000000      0x1c4 C:\Users\gaura\AppData\Local\Temp\ccOvmMqY.o
                0x08000000                ivt

.text           0x080001c4      0x18c
 *(.text*)
 .text.gpio_init
                0x080001c4       0x7c C:\Users\gaura\AppData\Local\Temp\cceigF8U.o
                0x080001c4                gpio_init
 .text.spi_config
                0x08000240       0x70 C:\Users\gaura\AppData\Local\Temp\cceigF8U.o
                0x08000240                spi_config
 .text.spi_display_write
                0x080002b0       0x10 C:\Users\gaura\AppData\Local\Temp\cceigF8U.o
                0x080002b0                spi_display_write
 .text.startup.main
                0x080002c0       0x12 C:\Users\gaura\AppData\Local\Temp\cceigF8U.o
                0x080002c0                main
 *fill*         0x080002d2        0x2 
 .text._reset   0x080002d4       0x50 C:\Users\gaura\AppData\Local\Temp\ccOvmMqY.o
                0x080002d4                _reset
 .text.memcpy   0x08000324       0x1c c:/program files (x86)/gnu arm embedded toolchain/10 2021.10/bin/../lib/gcc/arm-none-eabi/10.3.1/../../../../arm-none-eabi/lib/thumb/v7e-m+fp/hard\libc_nano.a(lib_a-memcpy-stub.o)
                0x08000324                memcpy
 .text.memset   0x08000340       0x10 c:/program files (x86)/gnu arm embedded toolchain/10 2021.10/bin/../lib/gcc/arm-none-eabi/10.3.1/../../../../arm-none-eabi/lib/thumb/v7e-m+fp/hard\libc_nano.a(lib_a-memset.o)
                0x08000340                memset

.glue_7         0x08000350        0x0
 .glue_7        0x08000350        0x0 linker stubs

.glue_7t        0x08000350        0x0
 .glue_7t       0x08000350        0x0 linker stubs

.vfp11_veneer   0x08000350        0x0
 .vfp11_veneer  0x08000350        0x0 linker stubs

.v4_bx          0x08000350        0x0
 .v4_bx         0x08000350        0x0 linker stubs

.iplt           0x08000350        0x0
 .iplt          0x08000350        0x0 C:\Users\gaura\AppData\Local\Temp\cceigF8U.o

.rel.dyn        0x08000350        0x0
 .rel.iplt      0x08000350        0x0 C:\Users\gaura\AppData\Local\Temp\cceigF8U.o

.rodata
 *(.rodata*)

.data           0x20000000        0x0 load address 0x08000350
                0x20000000                _sdata = .
 *(.data)
 *(.data*)
                0x20000000                _edata = .
                0x08000350                _sidata = LOADADDR (.data)

.igot.plt       0x20000000        0x0 load address 0x08000350
 .igot.plt      0x20000000        0x0 C:\Users\gaura\AppData\Local\Temp\cceigF8U.o

.bss            0x20000000        0x0 load address 0x08000350
                0x20000000                _sbss = .
 *(.bss)
 *(COMMON)
                0x20000000                _ebss = .
                0x20000000                _end = .
OUTPUT(firmware.elf elf32-littlearm)
LOAD linker stubs

.debug_info     0x00000000      0x542
 .debug_info    0x00000000      0x424 C:\Users\gaura\AppData\Local\Temp\cceigF8U.o
 .debug_info    0x00000424      0x11e C:\Users\gaura\AppData\Local\Temp\ccOvmMqY.o

.debug_abbrev   0x00000000      0x233
 .debug_abbrev  0x00000000      0x158 C:\Users\gaura\AppData\Local\Temp\cceigF8U.o
 .debug_abbrev  0x00000158       0xdb C:\Users\gaura\AppData\Local\Temp\ccOvmMqY.o

.debug_aranges  0x00000000       0x60
 .debug_aranges
                0x00000000       0x40 C:\Users\gaura\AppData\Local\Temp\cceigF8U.o
 .debug_aranges
                0x00000040       0x20 C:\Users\gaura\AppData\Local\Temp\ccOvmMqY.o

.debug_ranges   0x00000000       0x40
 .debug_ranges  0x00000000       0x30 C:\Users\gaura\AppData\Local\Temp\cceigF8U.o
 .debug_ranges  0x00000030       0x10 C:\Users\gaura\AppData\Local\Temp\ccOvmMqY.o

.debug_macro    0x00000000     0x1cd1
 .debug_macro   0x00000000      0x1e9 C:\Users\gaura\AppData\Local\Temp\cceigF8U.o
 .debug_macro   0x000001e9      0xa6c C:\Users\gaura\AppData\Local\Temp\cceigF8U.o
 .debug_macro   0x00000c55       0x22 C:\Users\gaura\AppData\Local\Temp\cceigF8U.o
 .debug_macro   0x00000c77       0x4c C:\Users\gaura\AppData\Local\Temp\cceigF8U.o
 .debug_macro   0x00000cc3       0x1e C:\Users\gaura\AppData\Local\Temp\cceigF8U.o
 .debug_macro   0x00000ce1       0x94 C:\Users\gaura\AppData\Local\Temp\cceigF8U.o
 .debug_macro   0x00000d75       0x3c C:\Users\gaura\AppData\Local\Temp\cceigF8U.o
 .debug_macro   0x00000db1       0x34 C:\Users\gaura\AppData\Local\Temp\cceigF8U.o
 .debug_macro   0x00000de5       0x16 C:\Users\gaura\AppData\Local\Temp\cceigF8U.o
 .debug_macro   0x00000dfb       0x57 C:\Users\gaura\AppData\Local\Temp\cceigF8U.o
 .debug_macro   0x00000e52       0x97 C:\Users\gaura\AppData\Local\Temp\cceigF8U.o
 .debug_macro   0x00000ee9      0x341 C:\Users\gaura\AppData\Local\Temp\cceigF8U.o
 .debug_macro   0x0000122a       0xfd C:\Users\gaura\AppData\Local\Temp\cceigF8U.o
 .debug_macro   0x00001327       0x10 C:\Users\gaura\AppData\Local\Temp\cceigF8U.o
 .debug_macro   0x00001337       0x16 C:\Users\gaura\AppData\Local\Temp\cceigF8U.o
 .debug_macro   0x0000134d       0x43 C:\Users\gaura\AppData\Local\Temp\cceigF8U.o
 .debug_macro   0x00001390       0x34 C:\Users\gaura\AppData\Local\Temp\cceigF8U.o
 .debug_macro   0x000013c4       0x10 C:\Users\gaura\AppData\Local\Temp\cceigF8U.o
 .debug_macro   0x000013d4       0x58 C:\Users\gaura\AppData\Local\Temp\cceigF8U.o
 .debug_macro   0x0000142c       0x71 C:\Users\gaura\AppData\Local\Temp\cceigF8U.o
 .debug_macro   0x0000149d       0x1c C:\Users\gaura\AppData\Local\Temp\cceigF8U.o
 .debug_macro   0x000014b9      0x12a C:\Users\gaura\AppData\Local\Temp\cceigF8U.o
 .debug_macro   0x000015e3       0x10 C:\Users\gaura\AppData\Local\Temp\cceigF8U.o
 .debug_macro   0x000015f3       0x6a C:\Users\gaura\AppData\Local\Temp\cceigF8U.o
 .debug_macro   0x0000165d       0x1c C:\Users\gaura\AppData\Local\Temp\cceigF8U.o
 .debug_macro   0x00001679       0x52 C:\Users\gaura\AppData\Local\Temp\cceigF8U.o
 .debug_macro   0x000016cb       0x22 C:\Users\gaura\AppData\Local\Temp\cceigF8U.o
 .debug_macro   0x000016ed       0x10 C:\Users\gaura\AppData\Local\Temp\cceigF8U.o
 .debug_macro   0x000016fd       0x52 C:\Users\gaura\AppData\Local\Temp\cceigF8U.o
 .debug_macro   0x0000174f       0xd5 C:\Users\gaura\AppData\Local\Temp\cceigF8U.o
 .debug_macro   0x00001824       0x1c C:\Users\gaura\AppData\Local\Temp\cceigF8U.o
 .debug_macro   0x00001840       0x3d C:\Users\gaura\AppData\Local\Temp\cceigF8U.o
 .debug_macro   0x0000187d       0x16 C:\Users\gaura\AppData\Local\Temp\cceigF8U.o
 .debug_macro   0x00001893      0x145 C:\Users\gaura\AppData\Local\Temp\cceigF8U.o
 .debug_macro   0x000019d8      0x103 C:\Users\gaura\AppData\Local\Temp\cceigF8U.o
 .debug_macro   0x00001adb      0x1df C:\Users\gaura\AppData\Local\Temp\cceigF8U.o
 .debug_macro   0x00001cba       0x17 C:\Users\gaura\AppData\Local\Temp\ccOvmMqY.o

.debug_line     0x00000000      0x5a1
 .debug_line    0x00000000      0x530 C:\Users\gaura\AppData\Local\Temp\cceigF8U.o
 .debug_line    0x00000530       0x71 C:\Users\gaura\AppData\Local\Temp\ccOvmMqY.o

.debug_str      0x00000000     0x7d73
 .debug_str     0x00000000     0x7cfc C:\Users\gaura\AppData\Local\Temp\cceigF8U.o
                               0x7ef4 (size before relaxing)
 .debug_str     0x00007cfc       0x77 C:\Users\gaura\AppData\Local\Temp\ccOvmMqY.o
                               0x2d3b (size before relaxing)

.comment        0x00000000       0x49
 .comment       0x00000000       0x49 C:\Users\gaura\AppData\Local\Temp\cceigF8U.o
                                 0x4a (size before relaxing)
 .comment       0x00000049       0x4a C:\Users\gaura\AppData\Local\Temp\ccOvmMqY.o

.ARM.attributes
                0x00000000       0x34
 .ARM.attributes
                0x00000000       0x34 C:\Users\gaura\AppData\Local\Temp\cceigF8U.o
 .ARM.attributes
                0x00000034       0x34 C:\Users\gaura\AppData\Local\Temp\ccOvmMqY.o
 .ARM.attributes
                0x00000068       0x34 c:/program files (x86)/gnu arm embedded toolchain/10 2021.10/bin/../lib/gcc/arm-none-eabi/10.3.1/../../../../arm-none-eabi/lib/thumb/v7e-m+fp/hard\libc_nano.a(lib_a-memcpy-stub.o)
 .ARM.attributes
                0x0000009c       0x34 c:/program files (x86)/gnu arm embedded toolchain/10 2021.10/bin/../lib/gcc/arm-none-eabi/10.3.1/../../../../arm-none-eabi/lib/thumb/v7e-m+fp/hard\libc_nano.a(lib_a-memset.o)

.debug_frame    0x00000000       0xd8
 .debug_frame   0x00000000       0x68 C:\Users\gaura\AppData\Local\Temp\cceigF8U.o
 .debug_frame   0x00000068       0x28 C:\Users\gaura\AppData\Local\Temp\ccOvmMqY.o
 .debug_frame   0x00000090       0x28 c:/program files (x86)/gnu arm embedded toolchain/10 2021.10/bin/../lib/gcc/arm-none-eabi/10.3.1/../../../../arm-none-eabi/lib/thumb/v7e-m+fp/hard\libc_nano.a(lib_a-memcpy-stub.o)
 .debug_frame   0x000000b8       0x20 c:/program files (x86)/gnu arm embedded toolchain/10 2021.10/bin/../lib/gcc/arm-none-eabi/10.3.1/../../../../arm-none-eabi/lib/thumb/v7e-m+fp/hard\libc_nano.a(lib_a-memset.o)
