Archive member included to satisfy reference by file (symbol)

c:/program files (x86)/gnu arm embedded toolchain/10 2021.10/bin/../lib/gcc/arm-none-eabi/10.3.1/../../../../arm-none-eabi/lib/thumb/v7e-m+fp/hard\libc_nano.a(lib_a-memcpy-stub.o)
                              C:\Users\gaura\AppData\Local\Temp\cccmjBLu.o (memcpy)
c:/program files (x86)/gnu arm embedded toolchain/10 2021.10/bin/../lib/gcc/arm-none-eabi/10.3.1/../../../../arm-none-eabi/lib/thumb/v7e-m+fp/hard\libc_nano.a(lib_a-memset.o)
                              C:\Users\gaura\AppData\Local\Temp\cccmjBLu.o (memset)

Discarded input sections

 .group         0x00000000        0xc C:\Users\gaura\AppData\Local\Temp\ccw9gA6y.o
 .group         0x00000000        0xc C:\Users\gaura\AppData\Local\Temp\ccw9gA6y.o
 .group         0x00000000        0xc C:\Users\gaura\AppData\Local\Temp\ccw9gA6y.o
 .group         0x00000000        0xc C:\Users\gaura\AppData\Local\Temp\ccw9gA6y.o
 .group         0x00000000        0xc C:\Users\gaura\AppData\Local\Temp\ccw9gA6y.o
 .group         0x00000000        0xc C:\Users\gaura\AppData\Local\Temp\ccw9gA6y.o
 .group         0x00000000        0xc C:\Users\gaura\AppData\Local\Temp\ccw9gA6y.o
 .group         0x00000000        0xc C:\Users\gaura\AppData\Local\Temp\ccw9gA6y.o
 .group         0x00000000        0xc C:\Users\gaura\AppData\Local\Temp\ccw9gA6y.o
 .group         0x00000000        0xc C:\Users\gaura\AppData\Local\Temp\ccw9gA6y.o
 .group         0x00000000        0xc C:\Users\gaura\AppData\Local\Temp\ccw9gA6y.o
 .group         0x00000000        0xc C:\Users\gaura\AppData\Local\Temp\ccw9gA6y.o
 .group         0x00000000        0xc C:\Users\gaura\AppData\Local\Temp\ccw9gA6y.o
 .group         0x00000000        0xc C:\Users\gaura\AppData\Local\Temp\ccw9gA6y.o
 .group         0x00000000        0xc C:\Users\gaura\AppData\Local\Temp\ccw9gA6y.o
 .group         0x00000000        0xc C:\Users\gaura\AppData\Local\Temp\ccw9gA6y.o
 .group         0x00000000        0xc C:\Users\gaura\AppData\Local\Temp\ccw9gA6y.o
 .group         0x00000000        0xc C:\Users\gaura\AppData\Local\Temp\ccw9gA6y.o
 .group         0x00000000        0xc C:\Users\gaura\AppData\Local\Temp\ccw9gA6y.o
 .group         0x00000000        0xc C:\Users\gaura\AppData\Local\Temp\ccw9gA6y.o
 .group         0x00000000        0xc C:\Users\gaura\AppData\Local\Temp\ccw9gA6y.o
 .group         0x00000000        0xc C:\Users\gaura\AppData\Local\Temp\ccw9gA6y.o
 .group         0x00000000        0xc C:\Users\gaura\AppData\Local\Temp\ccw9gA6y.o
 .group         0x00000000        0xc C:\Users\gaura\AppData\Local\Temp\ccw9gA6y.o
 .group         0x00000000        0xc C:\Users\gaura\AppData\Local\Temp\ccw9gA6y.o
 .group         0x00000000        0xc C:\Users\gaura\AppData\Local\Temp\ccw9gA6y.o
 .group         0x00000000        0xc C:\Users\gaura\AppData\Local\Temp\ccw9gA6y.o
 .group         0x00000000        0xc C:\Users\gaura\AppData\Local\Temp\ccw9gA6y.o
 .group         0x00000000        0xc C:\Users\gaura\AppData\Local\Temp\ccw9gA6y.o
 .group         0x00000000        0xc C:\Users\gaura\AppData\Local\Temp\ccw9gA6y.o
 .group         0x00000000        0xc C:\Users\gaura\AppData\Local\Temp\ccw9gA6y.o
 .group         0x00000000        0xc C:\Users\gaura\AppData\Local\Temp\ccw9gA6y.o
 .group         0x00000000        0xc C:\Users\gaura\AppData\Local\Temp\ccw9gA6y.o
 .group         0x00000000        0xc C:\Users\gaura\AppData\Local\Temp\ccw9gA6y.o
 .group         0x00000000        0xc C:\Users\gaura\AppData\Local\Temp\ccw9gA6y.o
 .group         0x00000000        0xc C:\Users\gaura\AppData\Local\Temp\ccw9gA6y.o
 .group         0x00000000        0xc C:\Users\gaura\AppData\Local\Temp\ccw9gA6y.o
 .text          0x00000000        0x0 C:\Users\gaura\AppData\Local\Temp\ccw9gA6y.o
 .data          0x00000000        0x0 C:\Users\gaura\AppData\Local\Temp\ccw9gA6y.o
 .bss           0x00000000        0x0 C:\Users\gaura\AppData\Local\Temp\ccw9gA6y.o
 .text.draw_square
                0x00000000       0x48 C:\Users\gaura\AppData\Local\Temp\ccw9gA6y.o
 .group         0x00000000        0xc C:\Users\gaura\AppData\Local\Temp\cccmjBLu.o
 .text          0x00000000        0x0 C:\Users\gaura\AppData\Local\Temp\cccmjBLu.o
 .data          0x00000000        0x0 C:\Users\gaura\AppData\Local\Temp\cccmjBLu.o
 .bss           0x00000000        0x0 C:\Users\gaura\AppData\Local\Temp\cccmjBLu.o
 .debug_macro   0x00000000      0xa6c C:\Users\gaura\AppData\Local\Temp\cccmjBLu.o
 .text          0x00000000        0x0 c:/program files (x86)/gnu arm embedded toolchain/10 2021.10/bin/../lib/gcc/arm-none-eabi/10.3.1/../../../../arm-none-eabi/lib/thumb/v7e-m+fp/hard\libc_nano.a(lib_a-memcpy-stub.o)
 .data          0x00000000        0x0 c:/program files (x86)/gnu arm embedded toolchain/10 2021.10/bin/../lib/gcc/arm-none-eabi/10.3.1/../../../../arm-none-eabi/lib/thumb/v7e-m+fp/hard\libc_nano.a(lib_a-memcpy-stub.o)
 .bss           0x00000000        0x0 c:/program files (x86)/gnu arm embedded toolchain/10 2021.10/bin/../lib/gcc/arm-none-eabi/10.3.1/../../../../arm-none-eabi/lib/thumb/v7e-m+fp/hard\libc_nano.a(lib_a-memcpy-stub.o)
 .text          0x00000000        0x0 c:/program files (x86)/gnu arm embedded toolchain/10 2021.10/bin/../lib/gcc/arm-none-eabi/10.3.1/../../../../arm-none-eabi/lib/thumb/v7e-m+fp/hard\libc_nano.a(lib_a-memset.o)
 .data          0x00000000        0x0 c:/program files (x86)/gnu arm embedded toolchain/10 2021.10/bin/../lib/gcc/arm-none-eabi/10.3.1/../../../../arm-none-eabi/lib/thumb/v7e-m+fp/hard\libc_nano.a(lib_a-memset.o)
 .bss           0x00000000        0x0 c:/program files (x86)/gnu arm embedded toolchain/10 2021.10/bin/../lib/gcc/arm-none-eabi/10.3.1/../../../../arm-none-eabi/lib/thumb/v7e-m+fp/hard\libc_nano.a(lib_a-memset.o)

Memory Configuration

Name             Origin             Length             Attributes
flash            0x08000000         0x00080000         xr
sram             0x20000000         0x00020000         xrw
*default*        0x00000000         0xffffffff

Linker script and memory map

LOAD C:\Users\gaura\AppData\Local\Temp\ccw9gA6y.o
LOAD C:\Users\gaura\AppData\Local\Temp\cccmjBLu.o
LOAD c:/program files (x86)/gnu arm embedded toolchain/10 2021.10/bin/../lib/gcc/arm-none-eabi/10.3.1/../../../../arm-none-eabi/lib/thumb/v7e-m+fp/hard\libc_nano.a
LOAD c:/program files (x86)/gnu arm embedded toolchain/10 2021.10/bin/../lib/gcc/arm-none-eabi/10.3.1/thumb/v7e-m+fp/hard\libgcc.a
                0x20020000                _stack_pointer = (ORIGIN (sram) + LENGTH (sram))

.vectors        0x08000000      0x1c4
 *(.vectors)
 .vectors       0x08000000      0x1c4 C:\Users\gaura\AppData\Local\Temp\cccmjBLu.o
                0x08000000                ivt

.text           0x080001c4      0x468
 *(.text*)
 .text.gpio_init
                0x080001c4       0xcc C:\Users\gaura\AppData\Local\Temp\ccw9gA6y.o
                0x080001c4                gpio_init
 .text.spi_config
                0x08000290       0x70 C:\Users\gaura\AppData\Local\Temp\ccw9gA6y.o
                0x08000290                spi_config
 .text.delay_us
                0x08000300       0x1e C:\Users\gaura\AppData\Local\Temp\ccw9gA6y.o
                0x08000300                delay_us
 *fill*         0x0800031e        0x2 
 .text.spi_busy
                0x08000320       0x10 C:\Users\gaura\AppData\Local\Temp\ccw9gA6y.o
                0x08000320                spi_busy
 .text.spi_tft_write_command
                0x08000330       0x20 C:\Users\gaura\AppData\Local\Temp\ccw9gA6y.o
                0x08000330                spi_tft_write_command
 .text.spi_tft_write_data
                0x08000350       0x20 C:\Users\gaura\AppData\Local\Temp\ccw9gA6y.o
                0x08000350                spi_tft_write_data
 .text.tft_hw_reset
                0x08000370       0x40 C:\Users\gaura\AppData\Local\Temp\ccw9gA6y.o
                0x08000370                tft_hw_reset
 .text.ili9488_init
                0x080003b0       0x50 C:\Users\gaura\AppData\Local\Temp\ccw9gA6y.o
                0x080003b0                ili9488_init
 .text.set_window_frame
                0x08000400       0x48 C:\Users\gaura\AppData\Local\Temp\ccw9gA6y.o
                0x08000400                set_window_frame
 .text.fill_screen
                0x08000448       0x3e C:\Users\gaura\AppData\Local\Temp\ccw9gA6y.o
                0x08000448                fill_screen
 .text.draw_rectangle
                0x08000486       0x46 C:\Users\gaura\AppData\Local\Temp\ccw9gA6y.o
                0x08000486                draw_rectangle
 .text.draw_circle
                0x080004cc       0x80 C:\Users\gaura\AppData\Local\Temp\ccw9gA6y.o
                0x080004cc                draw_circle
 .text.startup.main
                0x0800054c       0x64 C:\Users\gaura\AppData\Local\Temp\ccw9gA6y.o
                0x0800054c                main
 .text._reset   0x080005b0       0x50 C:\Users\gaura\AppData\Local\Temp\cccmjBLu.o
                0x080005b0                _reset
 .text.memcpy   0x08000600       0x1c c:/program files (x86)/gnu arm embedded toolchain/10 2021.10/bin/../lib/gcc/arm-none-eabi/10.3.1/../../../../arm-none-eabi/lib/thumb/v7e-m+fp/hard\libc_nano.a(lib_a-memcpy-stub.o)
                0x08000600                memcpy
 .text.memset   0x0800061c       0x10 c:/program files (x86)/gnu arm embedded toolchain/10 2021.10/bin/../lib/gcc/arm-none-eabi/10.3.1/../../../../arm-none-eabi/lib/thumb/v7e-m+fp/hard\libc_nano.a(lib_a-memset.o)
                0x0800061c                memset

.glue_7         0x0800062c        0x0
 .glue_7        0x0800062c        0x0 linker stubs

.glue_7t        0x0800062c        0x0
 .glue_7t       0x0800062c        0x0 linker stubs

.vfp11_veneer   0x0800062c        0x0
 .vfp11_veneer  0x0800062c        0x0 linker stubs

.v4_bx          0x0800062c        0x0
 .v4_bx         0x0800062c        0x0 linker stubs

.iplt           0x0800062c        0x0
 .iplt          0x0800062c        0x0 C:\Users\gaura\AppData\Local\Temp\ccw9gA6y.o

.rel.dyn        0x0800062c        0x0
 .rel.iplt      0x0800062c        0x0 C:\Users\gaura\AppData\Local\Temp\ccw9gA6y.o

.rodata
 *(.rodata*)

.data           0x20000000        0x0 load address 0x0800062c
                0x20000000                _sdata = .
 *(.data)
 *(.data*)
                0x20000000                _edata = .
                0x0800062c                _sidata = LOADADDR (.data)

.igot.plt       0x20000000        0x0 load address 0x0800062c
 .igot.plt      0x20000000        0x0 C:\Users\gaura\AppData\Local\Temp\ccw9gA6y.o

.bss            0x20000000        0x0 load address 0x0800062c
                0x20000000                _sbss = .
 *(.bss)
 *(COMMON)
                0x20000000                _ebss = .
                0x20000000                _end = .
OUTPUT(firmware.elf elf32-littlearm)
LOAD linker stubs

.debug_info     0x00000000      0xcd5
 .debug_info    0x00000000      0xbb7 C:\Users\gaura\AppData\Local\Temp\ccw9gA6y.o
 .debug_info    0x00000bb7      0x11e C:\Users\gaura\AppData\Local\Temp\cccmjBLu.o

.debug_abbrev   0x00000000      0x2f4
 .debug_abbrev  0x00000000      0x219 C:\Users\gaura\AppData\Local\Temp\ccw9gA6y.o
 .debug_abbrev  0x00000219       0xdb C:\Users\gaura\AppData\Local\Temp\cccmjBLu.o

.debug_loc      0x00000000      0x3b5
 .debug_loc     0x00000000      0x3b5 C:\Users\gaura\AppData\Local\Temp\ccw9gA6y.o

.debug_aranges  0x00000000       0xa8
 .debug_aranges
                0x00000000       0x88 C:\Users\gaura\AppData\Local\Temp\ccw9gA6y.o
 .debug_aranges
                0x00000088       0x20 C:\Users\gaura\AppData\Local\Temp\cccmjBLu.o

.debug_ranges   0x00000000      0x110
 .debug_ranges  0x00000000      0x100 C:\Users\gaura\AppData\Local\Temp\ccw9gA6y.o
 .debug_ranges  0x00000100       0x10 C:\Users\gaura\AppData\Local\Temp\cccmjBLu.o

.debug_macro    0x00000000     0x1f04
 .debug_macro   0x00000000      0x1e1 C:\Users\gaura\AppData\Local\Temp\ccw9gA6y.o
 .debug_macro   0x000001e1      0xa6c C:\Users\gaura\AppData\Local\Temp\ccw9gA6y.o
 .debug_macro   0x00000c4d       0x22 C:\Users\gaura\AppData\Local\Temp\ccw9gA6y.o
 .debug_macro   0x00000c6f       0x4c C:\Users\gaura\AppData\Local\Temp\ccw9gA6y.o
 .debug_macro   0x00000cbb       0x1e C:\Users\gaura\AppData\Local\Temp\ccw9gA6y.o
 .debug_macro   0x00000cd9       0x94 C:\Users\gaura\AppData\Local\Temp\ccw9gA6y.o
 .debug_macro   0x00000d6d       0x3c C:\Users\gaura\AppData\Local\Temp\ccw9gA6y.o
 .debug_macro   0x00000da9       0x34 C:\Users\gaura\AppData\Local\Temp\ccw9gA6y.o
 .debug_macro   0x00000ddd       0x16 C:\Users\gaura\AppData\Local\Temp\ccw9gA6y.o
 .debug_macro   0x00000df3       0x57 C:\Users\gaura\AppData\Local\Temp\ccw9gA6y.o
 .debug_macro   0x00000e4a       0x97 C:\Users\gaura\AppData\Local\Temp\ccw9gA6y.o
 .debug_macro   0x00000ee1      0x341 C:\Users\gaura\AppData\Local\Temp\ccw9gA6y.o
 .debug_macro   0x00001222       0xfd C:\Users\gaura\AppData\Local\Temp\ccw9gA6y.o
 .debug_macro   0x0000131f       0x10 C:\Users\gaura\AppData\Local\Temp\ccw9gA6y.o
 .debug_macro   0x0000132f       0x16 C:\Users\gaura\AppData\Local\Temp\ccw9gA6y.o
 .debug_macro   0x00001345       0x43 C:\Users\gaura\AppData\Local\Temp\ccw9gA6y.o
 .debug_macro   0x00001388       0x34 C:\Users\gaura\AppData\Local\Temp\ccw9gA6y.o
 .debug_macro   0x000013bc       0x10 C:\Users\gaura\AppData\Local\Temp\ccw9gA6y.o
 .debug_macro   0x000013cc       0x58 C:\Users\gaura\AppData\Local\Temp\ccw9gA6y.o
 .debug_macro   0x00001424       0x71 C:\Users\gaura\AppData\Local\Temp\ccw9gA6y.o
 .debug_macro   0x00001495       0x1c C:\Users\gaura\AppData\Local\Temp\ccw9gA6y.o
 .debug_macro   0x000014b1      0x12a C:\Users\gaura\AppData\Local\Temp\ccw9gA6y.o
 .debug_macro   0x000015db       0x10 C:\Users\gaura\AppData\Local\Temp\ccw9gA6y.o
 .debug_macro   0x000015eb       0x6a C:\Users\gaura\AppData\Local\Temp\ccw9gA6y.o
 .debug_macro   0x00001655       0x1c C:\Users\gaura\AppData\Local\Temp\ccw9gA6y.o
 .debug_macro   0x00001671       0x52 C:\Users\gaura\AppData\Local\Temp\ccw9gA6y.o
 .debug_macro   0x000016c3       0x22 C:\Users\gaura\AppData\Local\Temp\ccw9gA6y.o
 .debug_macro   0x000016e5       0x10 C:\Users\gaura\AppData\Local\Temp\ccw9gA6y.o
 .debug_macro   0x000016f5       0x52 C:\Users\gaura\AppData\Local\Temp\ccw9gA6y.o
 .debug_macro   0x00001747       0xd5 C:\Users\gaura\AppData\Local\Temp\ccw9gA6y.o
 .debug_macro   0x0000181c       0x1c C:\Users\gaura\AppData\Local\Temp\ccw9gA6y.o
 .debug_macro   0x00001838       0x3d C:\Users\gaura\AppData\Local\Temp\ccw9gA6y.o
 .debug_macro   0x00001875       0x16 C:\Users\gaura\AppData\Local\Temp\ccw9gA6y.o
 .debug_macro   0x0000188b      0x145 C:\Users\gaura\AppData\Local\Temp\ccw9gA6y.o
 .debug_macro   0x000019d0      0x103 C:\Users\gaura\AppData\Local\Temp\ccw9gA6y.o
 .debug_macro   0x00001ad3      0x1df C:\Users\gaura\AppData\Local\Temp\ccw9gA6y.o
 .debug_macro   0x00001cb2       0xa0 C:\Users\gaura\AppData\Local\Temp\ccw9gA6y.o
 .debug_macro   0x00001d52      0x19b C:\Users\gaura\AppData\Local\Temp\ccw9gA6y.o
 .debug_macro   0x00001eed       0x17 C:\Users\gaura\AppData\Local\Temp\cccmjBLu.o

.debug_line     0x00000000      0x9af
 .debug_line    0x00000000      0x93e C:\Users\gaura\AppData\Local\Temp\ccw9gA6y.o
 .debug_line    0x0000093e       0x71 C:\Users\gaura\AppData\Local\Temp\cccmjBLu.o

.debug_str      0x00000000     0x8862
 .debug_str     0x00000000     0x87f2 C:\Users\gaura\AppData\Local\Temp\ccw9gA6y.o
                               0x8a08 (size before relaxing)
 .debug_str     0x000087f2       0x70 C:\Users\gaura\AppData\Local\Temp\cccmjBLu.o
                               0x2d3b (size before relaxing)

.comment        0x00000000       0x49
 .comment       0x00000000       0x49 C:\Users\gaura\AppData\Local\Temp\ccw9gA6y.o
                                 0x4a (size before relaxing)
 .comment       0x00000049       0x4a C:\Users\gaura\AppData\Local\Temp\cccmjBLu.o

.ARM.attributes
                0x00000000       0x34
 .ARM.attributes
                0x00000000       0x34 C:\Users\gaura\AppData\Local\Temp\ccw9gA6y.o
 .ARM.attributes
                0x00000034       0x34 C:\Users\gaura\AppData\Local\Temp\cccmjBLu.o
 .ARM.attributes
                0x00000068       0x34 c:/program files (x86)/gnu arm embedded toolchain/10 2021.10/bin/../lib/gcc/arm-none-eabi/10.3.1/../../../../arm-none-eabi/lib/thumb/v7e-m+fp/hard\libc_nano.a(lib_a-memcpy-stub.o)
 .ARM.attributes
                0x0000009c       0x34 c:/program files (x86)/gnu arm embedded toolchain/10 2021.10/bin/../lib/gcc/arm-none-eabi/10.3.1/../../../../arm-none-eabi/lib/thumb/v7e-m+fp/hard\libc_nano.a(lib_a-memset.o)

.debug_frame    0x00000000      0x1dc
 .debug_frame   0x00000000      0x16c C:\Users\gaura\AppData\Local\Temp\ccw9gA6y.o
 .debug_frame   0x0000016c       0x28 C:\Users\gaura\AppData\Local\Temp\cccmjBLu.o
 .debug_frame   0x00000194       0x28 c:/program files (x86)/gnu arm embedded toolchain/10 2021.10/bin/../lib/gcc/arm-none-eabi/10.3.1/../../../../arm-none-eabi/lib/thumb/v7e-m+fp/hard\libc_nano.a(lib_a-memcpy-stub.o)
 .debug_frame   0x000001bc       0x20 c:/program files (x86)/gnu arm embedded toolchain/10 2021.10/bin/../lib/gcc/arm-none-eabi/10.3.1/../../../../arm-none-eabi/lib/thumb/v7e-m+fp/hard\libc_nano.a(lib_a-memset.o)
